c BabySub Subsumption Preprocessor
c reading from '/home/gstrein/Documents/repos/babysub-rust/tests/test_cases/binbin1.golden'
c parsed 'p cnf 2 1' header
c tmp: 3450056017
c tmp: 2221466247614058324
c hash-signature: 13730316899549720340
p cnf 2 1
1 2 0
c checked:                      0    clauses 0.00 per subsumed
c subsumed:                     0    clauses 0%
c process-time:                 0.00 seconds
