p cnf 2 2
c hash-signature: 13752085431583871717
-1 2 0
1 2 0
