c hash-signature 13730316899549720340
p cnf 2 1
1 2 0
