c hash-signature 1653562859555728976
p cnf 2 1
1 -2 0
